// Jest Snapshot v1, https://goo.gl/fbAQLP

exports[`Preview component should render Preview component 1`] = `
<canvas
  height={300}
  id="canvas"
  width={420}
/>
`;
